
> solo-income-system@0.1.0 build
> next build

   тЦ▓ Next.js 15.5.12
   - Environments: .env.local

   Creating an optimized production build ...
 тЬУ Compiled successfully in 6.2s
   Skipping linting
   Checking validity of types ...
npm : Failed to compile.
строка:2 знак:1
+ npm run build 2>&1 | tee build-output.txt
+ ~~~~~~~~~~~~~~~~~~
    + CategoryInfo          : NotSpecified: (Failed to compile.:String) [], RemoteException
    + FullyQualifiedErrorId : NativeCommandError
 

./scripts/generate-vapid-keys.ts:4:21
Type error: Could not find a declaration file for module 'web-push'. 'D:/JarvisPC/solo-income-system/node_modules/web-push/src/index.js' implicitly has an 'any' type.
  Try `npm i --save-dev @types/web-push` if it exists or add a new declaration (.d.ts) file containing `declare module 'web-push';`

[0m [90m 2 |[39m [90m// Or: node -e "const w = require('web-push'); const k = w.generateVAPIDKeys(); console.log(k);"[39m
 [90m 3 |[39m
[31m[1m>[22m[39m[90m 4 |[39m [36mimport[39m webpush [36mfrom[39m [32m'web-push'[39m[33m;[39m
 [90m   |[39m                     [31m[1m^[22m[39m
 [90m 5 |[39m
 [90m 6 |[39m [36mconst[39m keys [33m=[39m webpush[33m.[39mgenerateVAPIDKeys()[33m;[39m
 [90m 7 |[39m[0m
Next.js build worker exited with code: 1 and signal: null
